// Vitest Snapshot v1, https://vitest.dev/guide/snapshot.html

exports[`DirectoryInputAlert visible 1`] = `
<body>
  <div>
    <div
      class="rounded-md bg-red-50 dark:bg-red-950 p-4 mt-2"
    >
      <div
        class="flex"
      >
        <div
          class="flex-shrink-0"
        >
          <svg
            aria-hidden="true"
            class="h-5 w-5 text-red-400"
            data-slot="icon"
            fill="currentColor"
            viewBox="0 0 24 24"
            xmlns="http://www.w3.org/2000/svg"
          >
            <path
              clip-rule="evenodd"
              d="M12 2.25c-5.385 0-9.75 4.365-9.75 9.75s4.365 9.75 9.75 9.75 9.75-4.365 9.75-9.75S17.385 2.25 12 2.25Zm-1.72 6.97a.75.75 0 1 0-1.06 1.06L10.94 12l-1.72 1.72a.75.75 0 1 0 1.06 1.06L12 13.06l1.72 1.72a.75.75 0 1 0 1.06-1.06L13.06 12l1.72-1.72a.75.75 0 1 0-1.06-1.06L12 10.94l-1.72-1.72Z"
              fill-rule="evenodd"
            />
          </svg>
        </div>
        <div
          class="ml-3"
        >
          <p
            class="text-sm font-normal text-red-700 dark:text-red-300"
          >
            Only files in the mounted directory 
            /mount/audio
             are accessible.
          </p>
        </div>
      </div>
    </div>
  </div>
</body>
`;
