// Vitest Snapshot v1, https://vitest.dev/guide/snapshot.html

exports[`Disabled Pagination 1`] = `
<body>
  <div>
    <div
      class="flex justify-center mt-2"
    >
      <button
        class="text-gray-700 dark:text-gray-300 disabled:text-gray-300 dark:disabled:text-gray-600"
        disabled=""
      >
        <svg
          aria-hidden="true"
          class="w-4 h-4"
          data-slot="icon"
          fill="none"
          stroke="currentColor"
          stroke-width="1.5"
          viewBox="0 0 24 24"
          xmlns="http://www.w3.org/2000/svg"
        >
          <path
            d="M10.5 19.5 3 12m0 0 7.5-7.5M3 12h18"
            stroke-linecap="round"
            stroke-linejoin="round"
          />
        </svg>
      </button>
      <button
        class="h-8 w-8 px-1 py-1 mx-1 rounded-md text-center sm:text-sm text-gray-900 dark:text-gray-100 font-light bg-white dark:bg-gray-800 hover:bg-slate-100 dark:hover:bg-gray-700"
        disabled=""
      >
        1
      </button>
      <button
        class="h-8 w-8 px-1 py-1 mx-1 rounded-md text-center sm:text-sm text-gray-900 dark:text-gray-100 font-semibold"
        disabled=""
      >
        2
      </button>
      <button
        class="h-8 w-8 px-1 py-1 mx-1 rounded-md text-center sm:text-sm text-gray-900 dark:text-gray-100 font-light bg-white dark:bg-gray-800 hover:bg-slate-100 dark:hover:bg-gray-700"
        disabled=""
      >
        3
      </button>
      <button
        class="h-8 w-8 px-1 py-1 mx-1 rounded-md text-center sm:text-sm text-gray-900 dark:text-gray-100 font-light bg-white dark:bg-gray-800 hover:bg-slate-100 dark:hover:bg-gray-700"
        disabled=""
      >
        4
      </button>
      <button
        class="h-8 w-8 px-1 py-1 mx-1 rounded-md text-center sm:text-sm text-gray-900 dark:text-gray-100 font-light bg-white dark:bg-gray-800 hover:bg-slate-100 dark:hover:bg-gray-700"
        disabled=""
      >
        5
      </button>
      <button
        class="h-8 w-8 px-1 py-1 mx-1 rounded-md text-center sm:text-sm text-gray-900 dark:text-gray-100 font-light bg-white dark:bg-gray-800 hover:bg-slate-100 dark:hover:bg-gray-700"
        disabled=""
      >
        6
      </button>
      <button
        class="h-8 w-8 px-1 py-1 mx-1 rounded-md text-center sm:text-sm text-gray-900 dark:text-gray-100 font-light bg-white dark:bg-gray-800 hover:bg-slate-100 dark:hover:bg-gray-700"
        disabled=""
      >
        7
      </button>
      <button
        class="h-8 w-8 px-1 py-1 mx-1 rounded-md text-center sm:text-sm text-gray-900 dark:text-gray-100 font-light bg-white dark:bg-gray-800 hover:bg-slate-100 dark:hover:bg-gray-700"
        disabled=""
      >
        8
      </button>
      <button
        class="h-8 w-8 px-1 py-1 mx-1 rounded-md text-center sm:text-sm text-gray-900 dark:text-gray-100 font-light bg-white dark:bg-gray-800 hover:bg-slate-100 dark:hover:bg-gray-700"
        disabled=""
      >
        9
      </button>
      <button
        class="h-8 w-8 px-1 py-1 mx-1 rounded-md text-center sm:text-sm text-gray-900 dark:text-gray-100 font-light bg-white dark:bg-gray-800 hover:bg-slate-100 dark:hover:bg-gray-700"
        disabled=""
      >
        10
      </button>
      <button
        class="text-gray-700 dark:text-gray-300 disabled:text-gray-300 dark:disabled:text-gray-600"
      >
        <svg
          aria-hidden="true"
          class="w-4 h-4"
          data-slot="icon"
          fill="none"
          stroke="currentColor"
          stroke-width="1.5"
          viewBox="0 0 24 24"
          xmlns="http://www.w3.org/2000/svg"
        >
          <path
            d="M13.5 4.5 21 12m0 0-7.5 7.5M21 12H3"
            stroke-linecap="round"
            stroke-linejoin="round"
          />
        </svg>
      </button>
    </div>
  </div>
</body>
`;

exports[`Disabled Pagination 2`] = `
<body>
  <div>
    <div
      class="flex justify-center mt-2"
    >
      <button
        class="text-gray-700 dark:text-gray-300 disabled:text-gray-300 dark:disabled:text-gray-600"
        disabled=""
      >
        <svg
          aria-hidden="true"
          class="w-4 h-4"
          data-slot="icon"
          fill="none"
          stroke="currentColor"
          stroke-width="1.5"
          viewBox="0 0 24 24"
          xmlns="http://www.w3.org/2000/svg"
        >
          <path
            d="M10.5 19.5 3 12m0 0 7.5-7.5M3 12h18"
            stroke-linecap="round"
            stroke-linejoin="round"
          />
        </svg>
      </button>
      <button
        class="h-8 w-8 px-1 py-1 mx-1 rounded-md text-center sm:text-sm text-gray-900 dark:text-gray-100 font-light bg-white dark:bg-gray-800 hover:bg-slate-100 dark:hover:bg-gray-700"
        disabled=""
      >
        1
      </button>
      <button
        class="h-8 w-8 px-1 py-1 mx-1 rounded-md text-center sm:text-sm text-gray-900 dark:text-gray-100 font-semibold"
        disabled=""
      >
        2
      </button>
      <button
        class="h-8 w-8 px-1 py-1 mx-1 rounded-md text-center sm:text-sm text-gray-900 dark:text-gray-100 font-light bg-white dark:bg-gray-800 hover:bg-slate-100 dark:hover:bg-gray-700"
        disabled=""
      >
        3
      </button>
      <button
        class="h-8 w-8 px-1 py-1 mx-1 rounded-md text-center sm:text-sm text-gray-900 dark:text-gray-100 font-light bg-white dark:bg-gray-800 hover:bg-slate-100 dark:hover:bg-gray-700"
        disabled=""
      >
        4
      </button>
      <button
        class="h-8 w-8 px-1 py-1 mx-1 rounded-md text-center sm:text-sm text-gray-900 dark:text-gray-100 font-light bg-white dark:bg-gray-800 hover:bg-slate-100 dark:hover:bg-gray-700"
        disabled=""
      >
        5
      </button>
      <button
        class="h-8 w-8 px-1 py-1 mx-1 rounded-md text-center sm:text-sm text-gray-900 dark:text-gray-100 font-light bg-white dark:bg-gray-800 hover:bg-slate-100 dark:hover:bg-gray-700"
        disabled=""
      >
        6
      </button>
      <button
        class="h-8 w-8 px-1 py-1 mx-1 rounded-md text-center sm:text-sm text-gray-900 dark:text-gray-100 font-light bg-white dark:bg-gray-800 hover:bg-slate-100 dark:hover:bg-gray-700"
        disabled=""
      >
        7
      </button>
      <button
        class="h-8 w-8 px-1 py-1 mx-1 rounded-md text-center sm:text-sm text-gray-900 dark:text-gray-100 font-light bg-white dark:bg-gray-800 hover:bg-slate-100 dark:hover:bg-gray-700"
        disabled=""
      >
        8
      </button>
      <button
        class="h-8 w-8 px-1 py-1 mx-1 rounded-md text-center sm:text-sm text-gray-900 dark:text-gray-100 font-light bg-white dark:bg-gray-800 hover:bg-slate-100 dark:hover:bg-gray-700"
        disabled=""
      >
        9
      </button>
      <button
        class="h-8 w-8 px-1 py-1 mx-1 rounded-md text-center sm:text-sm text-gray-900 dark:text-gray-100 font-light bg-white dark:bg-gray-800 hover:bg-slate-100 dark:hover:bg-gray-700"
        disabled=""
      >
        10
      </button>
      <button
        class="text-gray-700 dark:text-gray-300 disabled:text-gray-300 dark:disabled:text-gray-600"
      >
        <svg
          aria-hidden="true"
          class="w-4 h-4"
          data-slot="icon"
          fill="none"
          stroke="currentColor"
          stroke-width="1.5"
          viewBox="0 0 24 24"
          xmlns="http://www.w3.org/2000/svg"
        >
          <path
            d="M13.5 4.5 21 12m0 0-7.5 7.5M21 12H3"
            stroke-linecap="round"
            stroke-linejoin="round"
          />
        </svg>
      </button>
    </div>
  </div>
</body>
`;

exports[`Enabled Pagination 1`] = `
<body>
  <div>
    <div
      class="flex justify-center mt-2"
    >
      <button
        class="text-gray-700 dark:text-gray-300 disabled:text-gray-300 dark:disabled:text-gray-600"
      >
        <svg
          aria-hidden="true"
          class="w-4 h-4"
          data-slot="icon"
          fill="none"
          stroke="currentColor"
          stroke-width="1.5"
          viewBox="0 0 24 24"
          xmlns="http://www.w3.org/2000/svg"
        >
          <path
            d="M10.5 19.5 3 12m0 0 7.5-7.5M3 12h18"
            stroke-linecap="round"
            stroke-linejoin="round"
          />
        </svg>
      </button>
      <button
        class="h-8 w-8 px-1 py-1 mx-1 rounded-md text-center sm:text-sm text-gray-900 dark:text-gray-100 font-light bg-white dark:bg-gray-800 hover:bg-slate-100 dark:hover:bg-gray-700"
      >
        1
      </button>
      <button
        class="h-8 w-8 px-1 py-1 mx-1 rounded-md text-center sm:text-sm text-gray-900 dark:text-gray-100 font-semibold"
        disabled=""
      >
        2
      </button>
      <button
        class="h-8 w-8 px-1 py-1 mx-1 rounded-md text-center sm:text-sm text-gray-900 dark:text-gray-100 font-light bg-white dark:bg-gray-800 hover:bg-slate-100 dark:hover:bg-gray-700"
      >
        3
      </button>
      <button
        class="h-8 w-8 px-1 py-1 mx-1 rounded-md text-center sm:text-sm text-gray-900 dark:text-gray-100 font-light bg-white dark:bg-gray-800 hover:bg-slate-100 dark:hover:bg-gray-700"
      >
        4
      </button>
      <button
        class="h-8 w-8 px-1 py-1 mx-1 rounded-md text-center sm:text-sm text-gray-900 dark:text-gray-100 font-light bg-white dark:bg-gray-800 hover:bg-slate-100 dark:hover:bg-gray-700"
      >
        5
      </button>
      <button
        class="h-8 w-8 px-1 py-1 mx-1 rounded-md text-center sm:text-sm text-gray-900 dark:text-gray-100 font-light bg-white dark:bg-gray-800 hover:bg-slate-100 dark:hover:bg-gray-700"
      >
        6
      </button>
      <button
        class="h-8 w-8 px-1 py-1 mx-1 rounded-md text-center sm:text-sm text-gray-900 dark:text-gray-100 font-light bg-white dark:bg-gray-800 hover:bg-slate-100 dark:hover:bg-gray-700"
      >
        7
      </button>
      <button
        class="h-8 w-8 px-1 py-1 mx-1 rounded-md text-center sm:text-sm text-gray-900 dark:text-gray-100 font-light bg-white dark:bg-gray-800 hover:bg-slate-100 dark:hover:bg-gray-700"
      >
        8
      </button>
      <button
        class="h-8 w-8 px-1 py-1 mx-1 rounded-md text-center sm:text-sm text-gray-900 dark:text-gray-100 font-light bg-white dark:bg-gray-800 hover:bg-slate-100 dark:hover:bg-gray-700"
      >
        9
      </button>
      <button
        class="h-8 w-8 px-1 py-1 mx-1 rounded-md text-center sm:text-sm text-gray-900 dark:text-gray-100 font-light bg-white dark:bg-gray-800 hover:bg-slate-100 dark:hover:bg-gray-700"
      >
        10
      </button>
      <button
        class="text-gray-700 dark:text-gray-300 disabled:text-gray-300 dark:disabled:text-gray-600"
      >
        <svg
          aria-hidden="true"
          class="w-4 h-4"
          data-slot="icon"
          fill="none"
          stroke="currentColor"
          stroke-width="1.5"
          viewBox="0 0 24 24"
          xmlns="http://www.w3.org/2000/svg"
        >
          <path
            d="M13.5 4.5 21 12m0 0-7.5 7.5M21 12H3"
            stroke-linecap="round"
            stroke-linejoin="round"
          />
        </svg>
      </button>
    </div>
  </div>
</body>
`;

exports[`Enabled Pagination 2`] = `
<body>
  <div>
    <div
      class="flex justify-center mt-2"
    >
      <button
        class="text-gray-700 dark:text-gray-300 disabled:text-gray-300 dark:disabled:text-gray-600"
      >
        <svg
          aria-hidden="true"
          class="w-4 h-4"
          data-slot="icon"
          fill="none"
          stroke="currentColor"
          stroke-width="1.5"
          viewBox="0 0 24 24"
          xmlns="http://www.w3.org/2000/svg"
        >
          <path
            d="M10.5 19.5 3 12m0 0 7.5-7.5M3 12h18"
            stroke-linecap="round"
            stroke-linejoin="round"
          />
        </svg>
      </button>
      <button
        class="h-8 w-8 px-1 py-1 mx-1 rounded-md text-center sm:text-sm text-gray-900 dark:text-gray-100 font-light bg-white dark:bg-gray-800 hover:bg-slate-100 dark:hover:bg-gray-700"
      >
        1
      </button>
      <button
        class="h-8 w-8 px-1 py-1 mx-1 rounded-md text-center sm:text-sm text-gray-900 dark:text-gray-100 font-semibold"
        disabled=""
      >
        2
      </button>
      <button
        class="h-8 w-8 px-1 py-1 mx-1 rounded-md text-center sm:text-sm text-gray-900 dark:text-gray-100 font-light bg-white dark:bg-gray-800 hover:bg-slate-100 dark:hover:bg-gray-700"
      >
        3
      </button>
      <button
        class="h-8 w-8 px-1 py-1 mx-1 rounded-md text-center sm:text-sm text-gray-900 dark:text-gray-100 font-light bg-white dark:bg-gray-800 hover:bg-slate-100 dark:hover:bg-gray-700"
      >
        4
      </button>
      <button
        class="h-8 w-8 px-1 py-1 mx-1 rounded-md text-center sm:text-sm text-gray-900 dark:text-gray-100 font-light bg-white dark:bg-gray-800 hover:bg-slate-100 dark:hover:bg-gray-700"
      >
        5
      </button>
      <button
        class="h-8 w-8 px-1 py-1 mx-1 rounded-md text-center sm:text-sm text-gray-900 dark:text-gray-100 font-light bg-white dark:bg-gray-800 hover:bg-slate-100 dark:hover:bg-gray-700"
      >
        6
      </button>
      <button
        class="h-8 w-8 px-1 py-1 mx-1 rounded-md text-center sm:text-sm text-gray-900 dark:text-gray-100 font-light bg-white dark:bg-gray-800 hover:bg-slate-100 dark:hover:bg-gray-700"
      >
        7
      </button>
      <button
        class="h-8 w-8 px-1 py-1 mx-1 rounded-md text-center sm:text-sm text-gray-900 dark:text-gray-100 font-light bg-white dark:bg-gray-800 hover:bg-slate-100 dark:hover:bg-gray-700"
      >
        8
      </button>
      <button
        class="h-8 w-8 px-1 py-1 mx-1 rounded-md text-center sm:text-sm text-gray-900 dark:text-gray-100 font-light bg-white dark:bg-gray-800 hover:bg-slate-100 dark:hover:bg-gray-700"
      >
        9
      </button>
      <button
        class="h-8 w-8 px-1 py-1 mx-1 rounded-md text-center sm:text-sm text-gray-900 dark:text-gray-100 font-light bg-white dark:bg-gray-800 hover:bg-slate-100 dark:hover:bg-gray-700"
      >
        10
      </button>
      <button
        class="text-gray-700 dark:text-gray-300 disabled:text-gray-300 dark:disabled:text-gray-600"
      >
        <svg
          aria-hidden="true"
          class="w-4 h-4"
          data-slot="icon"
          fill="none"
          stroke="currentColor"
          stroke-width="1.5"
          viewBox="0 0 24 24"
          xmlns="http://www.w3.org/2000/svg"
        >
          <path
            d="M13.5 4.5 21 12m0 0-7.5 7.5M21 12H3"
            stroke-linecap="round"
            stroke-linejoin="round"
          />
        </svg>
      </button>
    </div>
  </div>
</body>
`;

exports[`Pagination with no files 1`] = `
<body>
  <div>
    <div
      class="flex justify-center mt-2"
    >
      <button
        class="text-gray-700 dark:text-gray-300 disabled:text-gray-300 dark:disabled:text-gray-600"
        disabled=""
      >
        <svg
          aria-hidden="true"
          class="w-4 h-4"
          data-slot="icon"
          fill="none"
          stroke="currentColor"
          stroke-width="1.5"
          viewBox="0 0 24 24"
          xmlns="http://www.w3.org/2000/svg"
        >
          <path
            d="M10.5 19.5 3 12m0 0 7.5-7.5M3 12h18"
            stroke-linecap="round"
            stroke-linejoin="round"
          />
        </svg>
      </button>
      <button
        class="h-8 w-8 px-1 py-1 mx-1 rounded-md text-center sm:text-sm font-light bg-white dark:bg-gray-800 text-gray-300 dark:text-gray-600"
        disabled=""
      >
        1
      </button>
      <button
        class="text-gray-700 dark:text-gray-300 disabled:text-gray-300 dark:disabled:text-gray-600"
        disabled=""
      >
        <svg
          aria-hidden="true"
          class="w-4 h-4"
          data-slot="icon"
          fill="none"
          stroke="currentColor"
          stroke-width="1.5"
          viewBox="0 0 24 24"
          xmlns="http://www.w3.org/2000/svg"
        >
          <path
            d="M13.5 4.5 21 12m0 0-7.5 7.5M21 12H3"
            stroke-linecap="round"
            stroke-linejoin="round"
          />
        </svg>
      </button>
    </div>
  </div>
</body>
`;
