// Vitest Snapshot v1, https://vitest.dev/guide/snapshot.html

exports[`SidebarContainer 1`] = `
<body>
  <div>
    <div
      class="bg-white dark:bg-gray-800 flex flex-col lg:w-96 lg:pt-2 lg:pb-8 lg:pl-8 lg:pr-8"
    >
      <div
        data-testid="service-container"
      />
    </div>
  </div>
</body>
`;
