// Jest Snapshot v1, https://jestjs.io/docs/snapshot-testing

exports[`TextGenerationCompletionContainer Component rendering renders the main container with prompt input and response output 1`] = `
<body>
  <div>
    <div
      class="flex flex-col grow pt-2 bg-white"
    >
      <div>
        <label
          class="block text-sm font-medium leading-6 text-gray-900"
        >
          Prompt
        </label>
        <div
          class="flex items-start space-x-4 mt-2"
        >
          <div
            class="min-w-0 flex-1"
          >
            <form
              action="#"
              class="relative"
            >
              <div
                class="rounded-lg bg-white outline outline-1 -outline-offset-1 outline-gray-300 shadow-md"
              >
                <label
                  class="sr-only"
                  for="text-generation-text-input"
                >
                  Prompt anything
                </label>
                <textarea
                  class="block w-full resize-none bg-transparent px-4 py-3 text-sm text-gray-900 placeholder:text-gray-400 border-0  focus:border-0 focus:outline-none focus:ring-0 sm:text-sm/6 overflow-visible"
                  id="text-generation-text-input"
                  name="text-generation-text-input"
                  placeholder="Orcas are awesome because..."
                  rows="10"
                />
                <div
                  aria-hidden="true"
                  class="py-2"
                >
                  <div
                    class="py-px"
                  >
                    <div
                      class="h-9"
                    />
                  </div>
                </div>
              </div>
              <div
                class="absolute inset-x-0 bottom-0 flex justify-between py-2 pl-3 pr-2"
              >
                <div
                  class="flex items-center space-x-5"
                >
                  <div
                    class="flex items-center"
                  >
                    <button
                      class="-m-2.5 flex size-10 items-center justify-center rounded-full text-gray-400 hover:text-gray-500"
                      type="button"
                    >
                      <div
                        aria-hidden="true"
                        class="size-5"
                        data-testid="paper-clip-icon"
                      />
                      <span
                        class="sr-only"
                      >
                        Attach a file
                      </span>
                    </button>
                  </div>
                </div>
                <div
                  class="shrink-0"
                >
                  <button
                    class="inline-flex items-center rounded-full bg-white p-2 text-sm font-semibold text-gray-900 border border-gray-300 shadow-sm hover:bg-gray-100 focus-visible:outline focus-visible:outline-2 focus-visible:outline-offset-2 focus-visible:outline-gray-600 disabled:text-gray-400 disabled:opacity-50 disabled:hover:bg-white disabled:border-gray-200 disabled:shadow-none"
                    type="submit"
                  >
                    <div
                      class="size-5"
                      data-testid="paper-airplane-icon"
                    />
                  </button>
                </div>
              </div>
            </form>
          </div>
        </div>
      </div>
    </div>
  </div>
</body>
`;
